// Jest Snapshot v1, https://goo.gl/fbAQLP

exports[`Challenge correct render should match snapshot 1`] = `
<DocumentFragment>
  <div
    class="challenge"
  >
    <img
      alt="preview Some challenge"
      src="https://some-img.png"
    />
    <div
      class="name"
    >
      <p>
        Some challenge
      </p>
      <p>
        000-
      </p>
    </div>
  </div>
</DocumentFragment>
`;
