// Jest Snapshot v1, https://goo.gl/fbAQLP

exports[`Header correct render should match snapshot 1`] = `
<DocumentFragment>
  <a
    class="challenge"
    href="https://some-link.com"
    rel="noopener noreferrer"
    target="_blank"
  >
    <p>
      test project
    </p>
    <div
      class="arrow"
    >
      <div
        height="24"
        width="24"
      />
    </div>
  </a>
</DocumentFragment>
`;
