// Jest Snapshot v1, https://goo.gl/fbAQLP

exports[`Score correct render should match snapshot after animation ends 1`] = `
<DocumentFragment>
  <div
    id="score"
  >
    <p>
      <span>
        10
      </span>
       — completed
    </p>
  </div>
</DocumentFragment>
`;

exports[`Score correct render should match snapshot before animation ends 1`] = `
<DocumentFragment>
  <div
    id="score"
  >
    <p>
      <span>
        0
      </span>
       — completed
    </p>
  </div>
</DocumentFragment>
`;
