// Jest Snapshot v1, https://goo.gl/fbAQLP

exports[`Audio correct render should match snapshot 1`] = `
<DocumentFragment>
  <div
    id="audio"
    role="button"
    tabindex="0"
  >
    <div
      height="75"
      width="75"
    />
    <audio>
      <source
        src="https://some_audio.mp3"
        type="audio/mp3"
      />
    </audio>
  </div>
</DocumentFragment>
`;
