// Jest Snapshot v1, https://goo.gl/fbAQLP

exports[`Definition correct render should match snapshot 1`] = `
<DocumentFragment>
  <section
    class="definition"
  >
    <h2>
      noun
    </h2>
    <div
      class="meanings"
    >
      <h3>
        Meaning
      </h3>
      <ul>
        <li>
          <p
            class="meaning"
          >
            An answer or reply, or something in the nature of an answer or reply.
          </p>
        </li>
        <li>
          <p
            class="meaning"
          >
            The act of responding or replying; reply: as, to speak in response to a question.
          </p>
        </li>
      </ul>
    </div>
    <div
      class="sym-ant"
    >
      <h3>
        Synonyms
      </h3>
      <ul>
        <li>
          synonym1
        </li>
        <li>
          synonym2
        </li>
      </ul>
    </div>
    <div
      class="sym-ant"
    >
      <h3>
        Antonyms
      </h3>
      <ul>
        <li>
          antonym1
        </li>
        <li>
          antonym2
        </li>
      </ul>
    </div>
  </section>
</DocumentFragment>
`;
